Ejemplo para realizar cambios commiteados con 
Git reset HEAD file

Output
git status
On branch main
Your branch is based on 'origin/main', but the upstream is gone.
  (use "git branch --unset-upstream" to fixup)

Untracked files:
  (use "git add <file>..." to include in what will be committed)
        file-changes.txt

nothing added to commit but untracked files present (use "git add" to track)

-----------------------------------
PS D:\Git\tutorial-comenzar-git> git add file-changes.txt
PS D:\Git\tutorial-comenzar-git> git status
On branch main
Your branch is based on 'origin/main', but the upstream is gone.
  (use "git branch --unset-upstream" to fixup)

Changes to be committed:
  (use "git restore --staged <file>..." to unstage)
        new file:   file-changes.txt

--------------------------
Output
PS D:\Git\tutorial-comenzar-git> git status
On branch main
Your branch is based on 'origin/main', but the upstream is gone.
  (use "git branch --unset-upstream" to fixup)

Untracked files:
  (use "git add <file>..." to include in what will be committed)
        file-changes.txt

nothing added to commit but untracked files present (use "git add" to track)
